[0.331s] Invoking command in '/home/jackliu1017/ros2_ws/src/ur_control': PYTHONPATH=/home/jackliu1017/ros2_ws/src/ur_control/build/ur_control/prefix_override:/usr/lib/python3/dist-packages/colcon_core/task/python/colcon_distutils_commands:/home/jackliu1017/ros2_ws/src/ur_control/install/ur_control/lib/python3.10/site-packages:${PYTHONPATH} /usr/bin/python3 -W ignore:setup.py install is deprecated -W ignore:easy_install command is deprecated setup.py egg_info --egg-base build/ur_control build --build-base /home/jackliu1017/ros2_ws/src/ur_control/build/ur_control/build install --record /home/jackliu1017/ros2_ws/src/ur_control/build/ur_control/install.log --single-version-externally-managed install_data
[0.456s] running egg_info
[0.456s] writing build/ur_control/ur_control.egg-info/PKG-INFO
[0.456s] writing dependency_links to build/ur_control/ur_control.egg-info/dependency_links.txt
[0.456s] writing entry points to build/ur_control/ur_control.egg-info/entry_points.txt
[0.456s] writing requirements to build/ur_control/ur_control.egg-info/requires.txt
[0.457s] writing top-level names to build/ur_control/ur_control.egg-info/top_level.txt
[0.458s] reading manifest file 'build/ur_control/ur_control.egg-info/SOURCES.txt'
[0.459s] writing manifest file 'build/ur_control/ur_control.egg-info/SOURCES.txt'
[0.459s] running build
[0.459s] running build_py
[0.459s] running install
[0.459s] running install_lib
[0.460s] running install_data
[0.460s] running install_egg_info
[0.461s] removing '/home/jackliu1017/ros2_ws/src/ur_control/install/ur_control/lib/python3.10/site-packages/ur_control-0.1.0-py3.10.egg-info' (and everything under it)
[0.461s] Copying build/ur_control/ur_control.egg-info to /home/jackliu1017/ros2_ws/src/ur_control/install/ur_control/lib/python3.10/site-packages/ur_control-0.1.0-py3.10.egg-info
[0.462s] running install_scripts
[0.473s] Installing analyze_trajectory script to /home/jackliu1017/ros2_ws/src/ur_control/install/ur_control/lib/ur_control
[0.473s] Installing dp_control_ros2 script to /home/jackliu1017/ros2_ws/src/ur_control/install/ur_control/lib/ur_control
[0.473s] Installing dp_control_rtde script to /home/jackliu1017/ros2_ws/src/ur_control/install/ur_control/lib/ur_control
[0.473s] Installing gripper_demo script to /home/jackliu1017/ros2_ws/src/ur_control/install/ur_control/lib/ur_control
[0.473s] Installing monitor_state script to /home/jackliu1017/ros2_ws/src/ur_control/install/ur_control/lib/ur_control
[0.474s] Installing run_waypoints script to /home/jackliu1017/ros2_ws/src/ur_control/install/ur_control/lib/ur_control
[0.474s] Installing test_analytic_ik script to /home/jackliu1017/ros2_ws/src/ur_control/install/ur_control/lib/ur_control
[0.474s] Installing test_trajectory_interpolator script to /home/jackliu1017/ros2_ws/src/ur_control/install/ur_control/lib/ur_control
[0.474s] writing list of installed files to '/home/jackliu1017/ros2_ws/src/ur_control/build/ur_control/install.log'
[0.486s] Invoked command in '/home/jackliu1017/ros2_ws/src/ur_control' returned '0': PYTHONPATH=/home/jackliu1017/ros2_ws/src/ur_control/build/ur_control/prefix_override:/usr/lib/python3/dist-packages/colcon_core/task/python/colcon_distutils_commands:/home/jackliu1017/ros2_ws/src/ur_control/install/ur_control/lib/python3.10/site-packages:${PYTHONPATH} /usr/bin/python3 -W ignore:setup.py install is deprecated -W ignore:easy_install command is deprecated setup.py egg_info --egg-base build/ur_control build --build-base /home/jackliu1017/ros2_ws/src/ur_control/build/ur_control/build install --record /home/jackliu1017/ros2_ws/src/ur_control/build/ur_control/install.log --single-version-externally-managed install_data
