/home/jackliu1017/ros2_ws/src/ur_control/install/ur_control/lib/python3.10/site-packages/ur_control/trajectory_logger.py
/home/jackliu1017/ros2_ws/src/ur_control/install/ur_control/lib/python3.10/site-packages/ur_control/__init__.py
/home/jackliu1017/ros2_ws/src/ur_control/install/ur_control/lib/python3.10/site-packages/ur_control/motion_timing.py
/home/jackliu1017/ros2_ws/src/ur_control/install/ur_control/lib/python3.10/site-packages/ur_control/state_monitor.py
/home/jackliu1017/ros2_ws/src/ur_control/install/ur_control/lib/python3.10/site-packages/ur_control/ur_arm_node.py
/home/jackliu1017/ros2_ws/src/ur_control/install/ur_control/lib/python3.10/site-packages/ur_control/dp_controller.py
/home/jackliu1017/ros2_ws/src/ur_control/install/ur_control/lib/python3.10/site-packages/ur_control/pose_utils.py
/home/jackliu1017/ros2_ws/src/ur_control/install/ur_control/lib/python3.10/site-packages/ur_control/trajectory_interpolator.py
/home/jackliu1017/ros2_ws/src/ur_control/install/ur_control/lib/python3.10/site-packages/ur_control/analytic_ik.py
/home/jackliu1017/ros2_ws/src/ur_control/install/ur_control/lib/python3.10/site-packages/ur_control/examples/__init__.py
/home/jackliu1017/ros2_ws/src/ur_control/install/ur_control/lib/python3.10/site-packages/ur_control/examples/dp_control_rtde.py
/home/jackliu1017/ros2_ws/src/ur_control/install/ur_control/lib/python3.10/site-packages/ur_control/examples/test_trajectory_interpolator.py
/home/jackliu1017/ros2_ws/src/ur_control/install/ur_control/lib/python3.10/site-packages/ur_control/examples/analyze_trajectory.py
/home/jackliu1017/ros2_ws/src/ur_control/install/ur_control/lib/python3.10/site-packages/ur_control/examples/run_waypoints.py
/home/jackliu1017/ros2_ws/src/ur_control/install/ur_control/lib/python3.10/site-packages/ur_control/examples/gripper_demo.py
/home/jackliu1017/ros2_ws/src/ur_control/install/ur_control/lib/python3.10/site-packages/ur_control/examples/fake_dp_model.py
/home/jackliu1017/ros2_ws/src/ur_control/install/ur_control/lib/python3.10/site-packages/ur_control/examples/monitor_state.py
/home/jackliu1017/ros2_ws/src/ur_control/install/ur_control/lib/python3.10/site-packages/ur_control/examples/dp_control_ros2.py
/home/jackliu1017/ros2_ws/src/ur_control/install/ur_control/lib/python3.10/site-packages/ur_control/examples/test_analytic_ik.py
/home/jackliu1017/ros2_ws/src/ur_control/install/ur_control/lib/python3.10/site-packages/ur_control/__pycache__/trajectory_logger.cpython-310.pyc
/home/jackliu1017/ros2_ws/src/ur_control/install/ur_control/lib/python3.10/site-packages/ur_control/__pycache__/__init__.cpython-310.pyc
/home/jackliu1017/ros2_ws/src/ur_control/install/ur_control/lib/python3.10/site-packages/ur_control/__pycache__/motion_timing.cpython-310.pyc
/home/jackliu1017/ros2_ws/src/ur_control/install/ur_control/lib/python3.10/site-packages/ur_control/__pycache__/state_monitor.cpython-310.pyc
/home/jackliu1017/ros2_ws/src/ur_control/install/ur_control/lib/python3.10/site-packages/ur_control/__pycache__/ur_arm_node.cpython-310.pyc
/home/jackliu1017/ros2_ws/src/ur_control/install/ur_control/lib/python3.10/site-packages/ur_control/__pycache__/dp_controller.cpython-310.pyc
/home/jackliu1017/ros2_ws/src/ur_control/install/ur_control/lib/python3.10/site-packages/ur_control/__pycache__/pose_utils.cpython-310.pyc
/home/jackliu1017/ros2_ws/src/ur_control/install/ur_control/lib/python3.10/site-packages/ur_control/__pycache__/trajectory_interpolator.cpython-310.pyc
/home/jackliu1017/ros2_ws/src/ur_control/install/ur_control/lib/python3.10/site-packages/ur_control/__pycache__/analytic_ik.cpython-310.pyc
/home/jackliu1017/ros2_ws/src/ur_control/install/ur_control/lib/python3.10/site-packages/ur_control/examples/__pycache__/__init__.cpython-310.pyc
/home/jackliu1017/ros2_ws/src/ur_control/install/ur_control/lib/python3.10/site-packages/ur_control/examples/__pycache__/dp_control_rtde.cpython-310.pyc
/home/jackliu1017/ros2_ws/src/ur_control/install/ur_control/lib/python3.10/site-packages/ur_control/examples/__pycache__/test_trajectory_interpolator.cpython-310.pyc
/home/jackliu1017/ros2_ws/src/ur_control/install/ur_control/lib/python3.10/site-packages/ur_control/examples/__pycache__/analyze_trajectory.cpython-310.pyc
/home/jackliu1017/ros2_ws/src/ur_control/install/ur_control/lib/python3.10/site-packages/ur_control/examples/__pycache__/run_waypoints.cpython-310.pyc
/home/jackliu1017/ros2_ws/src/ur_control/install/ur_control/lib/python3.10/site-packages/ur_control/examples/__pycache__/gripper_demo.cpython-310.pyc
/home/jackliu1017/ros2_ws/src/ur_control/install/ur_control/lib/python3.10/site-packages/ur_control/examples/__pycache__/fake_dp_model.cpython-310.pyc
/home/jackliu1017/ros2_ws/src/ur_control/install/ur_control/lib/python3.10/site-packages/ur_control/examples/__pycache__/monitor_state.cpython-310.pyc
/home/jackliu1017/ros2_ws/src/ur_control/install/ur_control/lib/python3.10/site-packages/ur_control/examples/__pycache__/dp_control_ros2.cpython-310.pyc
/home/jackliu1017/ros2_ws/src/ur_control/install/ur_control/lib/python3.10/site-packages/ur_control/examples/__pycache__/test_analytic_ik.cpython-310.pyc
/home/jackliu1017/ros2_ws/src/ur_control/install/ur_control/share/ament_index/resource_index/packages/ur_control
/home/jackliu1017/ros2_ws/src/ur_control/install/ur_control/share/ur_control/package.xml
/home/jackliu1017/ros2_ws/src/ur_control/install/ur_control/lib/python3.10/site-packages/ur_control-0.1.0-py3.10.egg-info/dependency_links.txt
/home/jackliu1017/ros2_ws/src/ur_control/install/ur_control/lib/python3.10/site-packages/ur_control-0.1.0-py3.10.egg-info/top_level.txt
/home/jackliu1017/ros2_ws/src/ur_control/install/ur_control/lib/python3.10/site-packages/ur_control-0.1.0-py3.10.egg-info/SOURCES.txt
/home/jackliu1017/ros2_ws/src/ur_control/install/ur_control/lib/python3.10/site-packages/ur_control-0.1.0-py3.10.egg-info/PKG-INFO
/home/jackliu1017/ros2_ws/src/ur_control/install/ur_control/lib/python3.10/site-packages/ur_control-0.1.0-py3.10.egg-info/requires.txt
/home/jackliu1017/ros2_ws/src/ur_control/install/ur_control/lib/python3.10/site-packages/ur_control-0.1.0-py3.10.egg-info/entry_points.txt
/home/jackliu1017/ros2_ws/src/ur_control/install/ur_control/lib/python3.10/site-packages/ur_control-0.1.0-py3.10.egg-info/zip-safe
/home/jackliu1017/ros2_ws/src/ur_control/install/ur_control/lib/ur_control/analyze_trajectory
/home/jackliu1017/ros2_ws/src/ur_control/install/ur_control/lib/ur_control/dp_control_ros2
/home/jackliu1017/ros2_ws/src/ur_control/install/ur_control/lib/ur_control/dp_control_rtde
/home/jackliu1017/ros2_ws/src/ur_control/install/ur_control/lib/ur_control/gripper_demo
/home/jackliu1017/ros2_ws/src/ur_control/install/ur_control/lib/ur_control/monitor_state
/home/jackliu1017/ros2_ws/src/ur_control/install/ur_control/lib/ur_control/run_waypoints
/home/jackliu1017/ros2_ws/src/ur_control/install/ur_control/lib/ur_control/test_analytic_ik
/home/jackliu1017/ros2_ws/src/ur_control/install/ur_control/lib/ur_control/test_trajectory_interpolator
