[0.339s] Invoking command in '/home/jackliu1017/ros2_ws/src/ur_control': PYTHONPATH=/home/jackliu1017/ros2_ws/src/ur_control/build/ur_control/prefix_override:/usr/lib/python3/dist-packages/colcon_core/task/python/colcon_distutils_commands:/home/jackliu1017/ros2_ws/src/ur_control/install/ur_control/lib/python3.10/site-packages:${PYTHONPATH} /usr/bin/python3 -W ignore:setup.py install is deprecated -W ignore:easy_install command is deprecated setup.py egg_info --egg-base build/ur_control build --build-base /home/jackliu1017/ros2_ws/src/ur_control/build/ur_control/build install --record /home/jackliu1017/ros2_ws/src/ur_control/build/ur_control/install.log --single-version-externally-managed install_data
[0.476s] running egg_info
[0.476s] writing build/ur_control/ur_control.egg-info/PKG-INFO
[0.477s] writing dependency_links to build/ur_control/ur_control.egg-info/dependency_links.txt
[0.477s] writing entry points to build/ur_control/ur_control.egg-info/entry_points.txt
[0.477s] writing requirements to build/ur_control/ur_control.egg-info/requires.txt
[0.477s] writing top-level names to build/ur_control/ur_control.egg-info/top_level.txt
[0.478s] reading manifest file 'build/ur_control/ur_control.egg-info/SOURCES.txt'
[0.479s] writing manifest file 'build/ur_control/ur_control.egg-info/SOURCES.txt'
[0.479s] running build
[0.479s] running build_py
[0.479s] copying ur_control/dp_controller.py -> /home/jackliu1017/ros2_ws/src/ur_control/build/ur_control/build/lib/ur_control
[0.480s] running install
[0.480s] running install_lib
[0.480s] copying /home/jackliu1017/ros2_ws/src/ur_control/build/ur_control/build/lib/ur_control/dp_controller.py -> /home/jackliu1017/ros2_ws/src/ur_control/install/ur_control/lib/python3.10/site-packages/ur_control
[0.481s] byte-compiling /home/jackliu1017/ros2_ws/src/ur_control/install/ur_control/lib/python3.10/site-packages/ur_control/dp_controller.py to dp_controller.cpython-310.pyc
[0.483s] running install_data
[0.483s] running install_egg_info
[0.484s] removing '/home/jackliu1017/ros2_ws/src/ur_control/install/ur_control/lib/python3.10/site-packages/ur_control-0.1.0-py3.10.egg-info' (and everything under it)
[0.484s] Copying build/ur_control/ur_control.egg-info to /home/jackliu1017/ros2_ws/src/ur_control/install/ur_control/lib/python3.10/site-packages/ur_control-0.1.0-py3.10.egg-info
[0.484s] running install_scripts
[0.496s] Installing analyze_trajectory script to /home/jackliu1017/ros2_ws/src/ur_control/install/ur_control/lib/ur_control
[0.496s] Installing dp_control_ros2 script to /home/jackliu1017/ros2_ws/src/ur_control/install/ur_control/lib/ur_control
[0.496s] Installing dp_control_rtde script to /home/jackliu1017/ros2_ws/src/ur_control/install/ur_control/lib/ur_control
[0.496s] Installing gripper_demo script to /home/jackliu1017/ros2_ws/src/ur_control/install/ur_control/lib/ur_control
[0.496s] Installing monitor_state script to /home/jackliu1017/ros2_ws/src/ur_control/install/ur_control/lib/ur_control
[0.496s] Installing run_waypoints script to /home/jackliu1017/ros2_ws/src/ur_control/install/ur_control/lib/ur_control
[0.496s] Installing test_analytic_ik script to /home/jackliu1017/ros2_ws/src/ur_control/install/ur_control/lib/ur_control
[0.496s] Installing test_trajectory_interpolator script to /home/jackliu1017/ros2_ws/src/ur_control/install/ur_control/lib/ur_control
[0.496s] writing list of installed files to '/home/jackliu1017/ros2_ws/src/ur_control/build/ur_control/install.log'
[0.509s] Invoked command in '/home/jackliu1017/ros2_ws/src/ur_control' returned '0': PYTHONPATH=/home/jackliu1017/ros2_ws/src/ur_control/build/ur_control/prefix_override:/usr/lib/python3/dist-packages/colcon_core/task/python/colcon_distutils_commands:/home/jackliu1017/ros2_ws/src/ur_control/install/ur_control/lib/python3.10/site-packages:${PYTHONPATH} /usr/bin/python3 -W ignore:setup.py install is deprecated -W ignore:easy_install command is deprecated setup.py egg_info --egg-base build/ur_control build --build-base /home/jackliu1017/ros2_ws/src/ur_control/build/ur_control/build install --record /home/jackliu1017/ros2_ws/src/ur_control/build/ur_control/install.log --single-version-externally-managed install_data
