running egg_info
writing build/ur_control/ur_control.egg-info/PKG-INFO
writing dependency_links to build/ur_control/ur_control.egg-info/dependency_links.txt
writing entry points to build/ur_control/ur_control.egg-info/entry_points.txt
writing requirements to build/ur_control/ur_control.egg-info/requires.txt
writing top-level names to build/ur_control/ur_control.egg-info/top_level.txt
reading manifest file 'build/ur_control/ur_control.egg-info/SOURCES.txt'
writing manifest file 'build/ur_control/ur_control.egg-info/SOURCES.txt'
running build
running build_py
copying ur_control/dp_controller.py -> /home/jackliu1017/ros2_ws/src/ur_control/build/ur_control/build/lib/ur_control
copying ur_control/examples/dp_control_ros2.py -> /home/jackliu1017/ros2_ws/src/ur_control/build/ur_control/build/lib/ur_control/examples
running install
running install_lib
copying /home/jackliu1017/ros2_ws/src/ur_control/build/ur_control/build/lib/ur_control/dp_controller.py -> /home/jackliu1017/ros2_ws/src/ur_control/install/ur_control/lib/python3.10/site-packages/ur_control
copying /home/jackliu1017/ros2_ws/src/ur_control/build/ur_control/build/lib/ur_control/examples/dp_control_ros2.py -> /home/jackliu1017/ros2_ws/src/ur_control/install/ur_control/lib/python3.10/site-packages/ur_control/examples
byte-compiling /home/jackliu1017/ros2_ws/src/ur_control/install/ur_control/lib/python3.10/site-packages/ur_control/dp_controller.py to dp_controller.cpython-310.pyc
byte-compiling /home/jackliu1017/ros2_ws/src/ur_control/install/ur_control/lib/python3.10/site-packages/ur_control/examples/dp_control_ros2.py to dp_control_ros2.cpython-310.pyc
running install_data
running install_egg_info
removing '/home/jackliu1017/ros2_ws/src/ur_control/install/ur_control/lib/python3.10/site-packages/ur_control-0.1.0-py3.10.egg-info' (and everything under it)
Copying build/ur_control/ur_control.egg-info to /home/jackliu1017/ros2_ws/src/ur_control/install/ur_control/lib/python3.10/site-packages/ur_control-0.1.0-py3.10.egg-info
running install_scripts
Installing analyze_trajectory script to /home/jackliu1017/ros2_ws/src/ur_control/install/ur_control/lib/ur_control
Installing dp_control_ros2 script to /home/jackliu1017/ros2_ws/src/ur_control/install/ur_control/lib/ur_control
Installing dp_control_rtde script to /home/jackliu1017/ros2_ws/src/ur_control/install/ur_control/lib/ur_control
Installing gripper_demo script to /home/jackliu1017/ros2_ws/src/ur_control/install/ur_control/lib/ur_control
Installing monitor_state script to /home/jackliu1017/ros2_ws/src/ur_control/install/ur_control/lib/ur_control
Installing run_waypoints script to /home/jackliu1017/ros2_ws/src/ur_control/install/ur_control/lib/ur_control
Installing test_analytic_ik script to /home/jackliu1017/ros2_ws/src/ur_control/install/ur_control/lib/ur_control
Installing test_trajectory_interpolator script to /home/jackliu1017/ros2_ws/src/ur_control/install/ur_control/lib/ur_control
writing list of installed files to '/home/jackliu1017/ros2_ws/src/ur_control/build/ur_control/install.log'
