running egg_info
creating build/ur_control/ur_control.egg-info
writing build/ur_control/ur_control.egg-info/PKG-INFO
writing dependency_links to build/ur_control/ur_control.egg-info/dependency_links.txt
writing entry points to build/ur_control/ur_control.egg-info/entry_points.txt
writing requirements to build/ur_control/ur_control.egg-info/requires.txt
writing top-level names to build/ur_control/ur_control.egg-info/top_level.txt
writing manifest file 'build/ur_control/ur_control.egg-info/SOURCES.txt'
reading manifest file 'build/ur_control/ur_control.egg-info/SOURCES.txt'
writing manifest file 'build/ur_control/ur_control.egg-info/SOURCES.txt'
running build
running build_py
creating /home/jackliu1017/ros2_ws/src/ur_control/build/ur_control/build
creating /home/jackliu1017/ros2_ws/src/ur_control/build/ur_control/build/lib
creating /home/jackliu1017/ros2_ws/src/ur_control/build/ur_control/build/lib/ur_control
copying ur_control/trajectory_logger.py -> /home/jackliu1017/ros2_ws/src/ur_control/build/ur_control/build/lib/ur_control
copying ur_control/__init__.py -> /home/jackliu1017/ros2_ws/src/ur_control/build/ur_control/build/lib/ur_control
copying ur_control/motion_timing.py -> /home/jackliu1017/ros2_ws/src/ur_control/build/ur_control/build/lib/ur_control
copying ur_control/state_monitor.py -> /home/jackliu1017/ros2_ws/src/ur_control/build/ur_control/build/lib/ur_control
copying ur_control/ur_arm_node.py -> /home/jackliu1017/ros2_ws/src/ur_control/build/ur_control/build/lib/ur_control
copying ur_control/dp_controller.py -> /home/jackliu1017/ros2_ws/src/ur_control/build/ur_control/build/lib/ur_control
copying ur_control/pose_utils.py -> /home/jackliu1017/ros2_ws/src/ur_control/build/ur_control/build/lib/ur_control
copying ur_control/trajectory_interpolator.py -> /home/jackliu1017/ros2_ws/src/ur_control/build/ur_control/build/lib/ur_control
copying ur_control/analytic_ik.py -> /home/jackliu1017/ros2_ws/src/ur_control/build/ur_control/build/lib/ur_control
creating /home/jackliu1017/ros2_ws/src/ur_control/build/ur_control/build/lib/ur_control/examples
copying ur_control/examples/__init__.py -> /home/jackliu1017/ros2_ws/src/ur_control/build/ur_control/build/lib/ur_control/examples
copying ur_control/examples/dp_control_rtde.py -> /home/jackliu1017/ros2_ws/src/ur_control/build/ur_control/build/lib/ur_control/examples
copying ur_control/examples/test_trajectory_interpolator.py -> /home/jackliu1017/ros2_ws/src/ur_control/build/ur_control/build/lib/ur_control/examples
copying ur_control/examples/analyze_trajectory.py -> /home/jackliu1017/ros2_ws/src/ur_control/build/ur_control/build/lib/ur_control/examples
copying ur_control/examples/run_waypoints.py -> /home/jackliu1017/ros2_ws/src/ur_control/build/ur_control/build/lib/ur_control/examples
copying ur_control/examples/gripper_demo.py -> /home/jackliu1017/ros2_ws/src/ur_control/build/ur_control/build/lib/ur_control/examples
copying ur_control/examples/fake_dp_model.py -> /home/jackliu1017/ros2_ws/src/ur_control/build/ur_control/build/lib/ur_control/examples
copying ur_control/examples/monitor_state.py -> /home/jackliu1017/ros2_ws/src/ur_control/build/ur_control/build/lib/ur_control/examples
copying ur_control/examples/dp_control_ros2.py -> /home/jackliu1017/ros2_ws/src/ur_control/build/ur_control/build/lib/ur_control/examples
copying ur_control/examples/test_analytic_ik.py -> /home/jackliu1017/ros2_ws/src/ur_control/build/ur_control/build/lib/ur_control/examples
running install
running install_lib
creating /home/jackliu1017/ros2_ws/src/ur_control/install/ur_control/lib/python3.10/site-packages/ur_control
copying /home/jackliu1017/ros2_ws/src/ur_control/build/ur_control/build/lib/ur_control/trajectory_logger.py -> /home/jackliu1017/ros2_ws/src/ur_control/install/ur_control/lib/python3.10/site-packages/ur_control
copying /home/jackliu1017/ros2_ws/src/ur_control/build/ur_control/build/lib/ur_control/__init__.py -> /home/jackliu1017/ros2_ws/src/ur_control/install/ur_control/lib/python3.10/site-packages/ur_control
copying /home/jackliu1017/ros2_ws/src/ur_control/build/ur_control/build/lib/ur_control/motion_timing.py -> /home/jackliu1017/ros2_ws/src/ur_control/install/ur_control/lib/python3.10/site-packages/ur_control
copying /home/jackliu1017/ros2_ws/src/ur_control/build/ur_control/build/lib/ur_control/state_monitor.py -> /home/jackliu1017/ros2_ws/src/ur_control/install/ur_control/lib/python3.10/site-packages/ur_control
copying /home/jackliu1017/ros2_ws/src/ur_control/build/ur_control/build/lib/ur_control/ur_arm_node.py -> /home/jackliu1017/ros2_ws/src/ur_control/install/ur_control/lib/python3.10/site-packages/ur_control
copying /home/jackliu1017/ros2_ws/src/ur_control/build/ur_control/build/lib/ur_control/dp_controller.py -> /home/jackliu1017/ros2_ws/src/ur_control/install/ur_control/lib/python3.10/site-packages/ur_control
copying /home/jackliu1017/ros2_ws/src/ur_control/build/ur_control/build/lib/ur_control/pose_utils.py -> /home/jackliu1017/ros2_ws/src/ur_control/install/ur_control/lib/python3.10/site-packages/ur_control
copying /home/jackliu1017/ros2_ws/src/ur_control/build/ur_control/build/lib/ur_control/trajectory_interpolator.py -> /home/jackliu1017/ros2_ws/src/ur_control/install/ur_control/lib/python3.10/site-packages/ur_control
copying /home/jackliu1017/ros2_ws/src/ur_control/build/ur_control/build/lib/ur_control/analytic_ik.py -> /home/jackliu1017/ros2_ws/src/ur_control/install/ur_control/lib/python3.10/site-packages/ur_control
creating /home/jackliu1017/ros2_ws/src/ur_control/install/ur_control/lib/python3.10/site-packages/ur_control/examples
copying /home/jackliu1017/ros2_ws/src/ur_control/build/ur_control/build/lib/ur_control/examples/__init__.py -> /home/jackliu1017/ros2_ws/src/ur_control/install/ur_control/lib/python3.10/site-packages/ur_control/examples
copying /home/jackliu1017/ros2_ws/src/ur_control/build/ur_control/build/lib/ur_control/examples/dp_control_rtde.py -> /home/jackliu1017/ros2_ws/src/ur_control/install/ur_control/lib/python3.10/site-packages/ur_control/examples
copying /home/jackliu1017/ros2_ws/src/ur_control/build/ur_control/build/lib/ur_control/examples/test_trajectory_interpolator.py -> /home/jackliu1017/ros2_ws/src/ur_control/install/ur_control/lib/python3.10/site-packages/ur_control/examples
copying /home/jackliu1017/ros2_ws/src/ur_control/build/ur_control/build/lib/ur_control/examples/analyze_trajectory.py -> /home/jackliu1017/ros2_ws/src/ur_control/install/ur_control/lib/python3.10/site-packages/ur_control/examples
copying /home/jackliu1017/ros2_ws/src/ur_control/build/ur_control/build/lib/ur_control/examples/run_waypoints.py -> /home/jackliu1017/ros2_ws/src/ur_control/install/ur_control/lib/python3.10/site-packages/ur_control/examples
copying /home/jackliu1017/ros2_ws/src/ur_control/build/ur_control/build/lib/ur_control/examples/gripper_demo.py -> /home/jackliu1017/ros2_ws/src/ur_control/install/ur_control/lib/python3.10/site-packages/ur_control/examples
copying /home/jackliu1017/ros2_ws/src/ur_control/build/ur_control/build/lib/ur_control/examples/fake_dp_model.py -> /home/jackliu1017/ros2_ws/src/ur_control/install/ur_control/lib/python3.10/site-packages/ur_control/examples
copying /home/jackliu1017/ros2_ws/src/ur_control/build/ur_control/build/lib/ur_control/examples/monitor_state.py -> /home/jackliu1017/ros2_ws/src/ur_control/install/ur_control/lib/python3.10/site-packages/ur_control/examples
copying /home/jackliu1017/ros2_ws/src/ur_control/build/ur_control/build/lib/ur_control/examples/dp_control_ros2.py -> /home/jackliu1017/ros2_ws/src/ur_control/install/ur_control/lib/python3.10/site-packages/ur_control/examples
copying /home/jackliu1017/ros2_ws/src/ur_control/build/ur_control/build/lib/ur_control/examples/test_analytic_ik.py -> /home/jackliu1017/ros2_ws/src/ur_control/install/ur_control/lib/python3.10/site-packages/ur_control/examples
byte-compiling /home/jackliu1017/ros2_ws/src/ur_control/install/ur_control/lib/python3.10/site-packages/ur_control/trajectory_logger.py to trajectory_logger.cpython-310.pyc
byte-compiling /home/jackliu1017/ros2_ws/src/ur_control/install/ur_control/lib/python3.10/site-packages/ur_control/__init__.py to __init__.cpython-310.pyc
byte-compiling /home/jackliu1017/ros2_ws/src/ur_control/install/ur_control/lib/python3.10/site-packages/ur_control/motion_timing.py to motion_timing.cpython-310.pyc
byte-compiling /home/jackliu1017/ros2_ws/src/ur_control/install/ur_control/lib/python3.10/site-packages/ur_control/state_monitor.py to state_monitor.cpython-310.pyc
byte-compiling /home/jackliu1017/ros2_ws/src/ur_control/install/ur_control/lib/python3.10/site-packages/ur_control/ur_arm_node.py to ur_arm_node.cpython-310.pyc
byte-compiling /home/jackliu1017/ros2_ws/src/ur_control/install/ur_control/lib/python3.10/site-packages/ur_control/dp_controller.py to dp_controller.cpython-310.pyc
byte-compiling /home/jackliu1017/ros2_ws/src/ur_control/install/ur_control/lib/python3.10/site-packages/ur_control/pose_utils.py to pose_utils.cpython-310.pyc
byte-compiling /home/jackliu1017/ros2_ws/src/ur_control/install/ur_control/lib/python3.10/site-packages/ur_control/trajectory_interpolator.py to trajectory_interpolator.cpython-310.pyc
byte-compiling /home/jackliu1017/ros2_ws/src/ur_control/install/ur_control/lib/python3.10/site-packages/ur_control/analytic_ik.py to analytic_ik.cpython-310.pyc
byte-compiling /home/jackliu1017/ros2_ws/src/ur_control/install/ur_control/lib/python3.10/site-packages/ur_control/examples/__init__.py to __init__.cpython-310.pyc
byte-compiling /home/jackliu1017/ros2_ws/src/ur_control/install/ur_control/lib/python3.10/site-packages/ur_control/examples/dp_control_rtde.py to dp_control_rtde.cpython-310.pyc
byte-compiling /home/jackliu1017/ros2_ws/src/ur_control/install/ur_control/lib/python3.10/site-packages/ur_control/examples/test_trajectory_interpolator.py to test_trajectory_interpolator.cpython-310.pyc
byte-compiling /home/jackliu1017/ros2_ws/src/ur_control/install/ur_control/lib/python3.10/site-packages/ur_control/examples/analyze_trajectory.py to analyze_trajectory.cpython-310.pyc
byte-compiling /home/jackliu1017/ros2_ws/src/ur_control/install/ur_control/lib/python3.10/site-packages/ur_control/examples/run_waypoints.py to run_waypoints.cpython-310.pyc
byte-compiling /home/jackliu1017/ros2_ws/src/ur_control/install/ur_control/lib/python3.10/site-packages/ur_control/examples/gripper_demo.py to gripper_demo.cpython-310.pyc
byte-compiling /home/jackliu1017/ros2_ws/src/ur_control/install/ur_control/lib/python3.10/site-packages/ur_control/examples/fake_dp_model.py to fake_dp_model.cpython-310.pyc
byte-compiling /home/jackliu1017/ros2_ws/src/ur_control/install/ur_control/lib/python3.10/site-packages/ur_control/examples/monitor_state.py to monitor_state.cpython-310.pyc
byte-compiling /home/jackliu1017/ros2_ws/src/ur_control/install/ur_control/lib/python3.10/site-packages/ur_control/examples/dp_control_ros2.py to dp_control_ros2.cpython-310.pyc
byte-compiling /home/jackliu1017/ros2_ws/src/ur_control/install/ur_control/lib/python3.10/site-packages/ur_control/examples/test_analytic_ik.py to test_analytic_ik.cpython-310.pyc
running install_data
creating /home/jackliu1017/ros2_ws/src/ur_control/install/ur_control/share/ament_index
creating /home/jackliu1017/ros2_ws/src/ur_control/install/ur_control/share/ament_index/resource_index
creating /home/jackliu1017/ros2_ws/src/ur_control/install/ur_control/share/ament_index/resource_index/packages
copying resource/ur_control -> /home/jackliu1017/ros2_ws/src/ur_control/install/ur_control/share/ament_index/resource_index/packages
copying package.xml -> /home/jackliu1017/ros2_ws/src/ur_control/install/ur_control/share/ur_control
running install_egg_info
Copying build/ur_control/ur_control.egg-info to /home/jackliu1017/ros2_ws/src/ur_control/install/ur_control/lib/python3.10/site-packages/ur_control-0.1.0-py3.10.egg-info
running install_scripts
Installing analyze_trajectory script to /home/jackliu1017/ros2_ws/src/ur_control/install/ur_control/lib/ur_control
Installing dp_control_ros2 script to /home/jackliu1017/ros2_ws/src/ur_control/install/ur_control/lib/ur_control
Installing dp_control_rtde script to /home/jackliu1017/ros2_ws/src/ur_control/install/ur_control/lib/ur_control
Installing gripper_demo script to /home/jackliu1017/ros2_ws/src/ur_control/install/ur_control/lib/ur_control
Installing monitor_state script to /home/jackliu1017/ros2_ws/src/ur_control/install/ur_control/lib/ur_control
Installing run_waypoints script to /home/jackliu1017/ros2_ws/src/ur_control/install/ur_control/lib/ur_control
Installing test_analytic_ik script to /home/jackliu1017/ros2_ws/src/ur_control/install/ur_control/lib/ur_control
Installing test_trajectory_interpolator script to /home/jackliu1017/ros2_ws/src/ur_control/install/ur_control/lib/ur_control
writing list of installed files to '/home/jackliu1017/ros2_ws/src/ur_control/build/ur_control/install.log'
