[0.331s] Invoking command in '/home/jackliu1017/ros2_ws/src/ur_control': PYTHONPATH=/home/jackliu1017/ros2_ws/src/ur_control/build/ur_control/prefix_override:/usr/lib/python3/dist-packages/colcon_core/task/python/colcon_distutils_commands:/home/jackliu1017/ros2_ws/src/ur_control/install/ur_control/lib/python3.10/site-packages:${PYTHONPATH} /usr/bin/python3 -W ignore:setup.py install is deprecated -W ignore:easy_install command is deprecated setup.py egg_info --egg-base build/ur_control build --build-base /home/jackliu1017/ros2_ws/src/ur_control/build/ur_control/build install --record /home/jackliu1017/ros2_ws/src/ur_control/build/ur_control/install.log --single-version-externally-managed install_data
[0.457s] running egg_info
[0.458s] creating build/ur_control/ur_control.egg-info
[0.458s] writing build/ur_control/ur_control.egg-info/PKG-INFO
[0.458s] writing dependency_links to build/ur_control/ur_control.egg-info/dependency_links.txt
[0.458s] writing entry points to build/ur_control/ur_control.egg-info/entry_points.txt
[0.458s] writing requirements to build/ur_control/ur_control.egg-info/requires.txt
[0.459s] writing top-level names to build/ur_control/ur_control.egg-info/top_level.txt
[0.459s] writing manifest file 'build/ur_control/ur_control.egg-info/SOURCES.txt'
[0.460s] reading manifest file 'build/ur_control/ur_control.egg-info/SOURCES.txt'
[0.462s] writing manifest file 'build/ur_control/ur_control.egg-info/SOURCES.txt'
[0.462s] running build
[0.462s] running build_py
[0.462s] creating /home/jackliu1017/ros2_ws/src/ur_control/build/ur_control/build
[0.462s] creating /home/jackliu1017/ros2_ws/src/ur_control/build/ur_control/build/lib
[0.463s] creating /home/jackliu1017/ros2_ws/src/ur_control/build/ur_control/build/lib/ur_control
[0.463s] copying ur_control/trajectory_logger.py -> /home/jackliu1017/ros2_ws/src/ur_control/build/ur_control/build/lib/ur_control
[0.463s] copying ur_control/__init__.py -> /home/jackliu1017/ros2_ws/src/ur_control/build/ur_control/build/lib/ur_control
[0.463s] copying ur_control/motion_timing.py -> /home/jackliu1017/ros2_ws/src/ur_control/build/ur_control/build/lib/ur_control
[0.463s] copying ur_control/state_monitor.py -> /home/jackliu1017/ros2_ws/src/ur_control/build/ur_control/build/lib/ur_control
[0.463s] copying ur_control/ur_arm_node.py -> /home/jackliu1017/ros2_ws/src/ur_control/build/ur_control/build/lib/ur_control
[0.463s] copying ur_control/dp_controller.py -> /home/jackliu1017/ros2_ws/src/ur_control/build/ur_control/build/lib/ur_control
[0.463s] copying ur_control/pose_utils.py -> /home/jackliu1017/ros2_ws/src/ur_control/build/ur_control/build/lib/ur_control
[0.463s] copying ur_control/trajectory_interpolator.py -> /home/jackliu1017/ros2_ws/src/ur_control/build/ur_control/build/lib/ur_control
[0.463s] copying ur_control/analytic_ik.py -> /home/jackliu1017/ros2_ws/src/ur_control/build/ur_control/build/lib/ur_control
[0.463s] creating /home/jackliu1017/ros2_ws/src/ur_control/build/ur_control/build/lib/ur_control/examples
[0.463s] copying ur_control/examples/__init__.py -> /home/jackliu1017/ros2_ws/src/ur_control/build/ur_control/build/lib/ur_control/examples
[0.463s] copying ur_control/examples/dp_control_rtde.py -> /home/jackliu1017/ros2_ws/src/ur_control/build/ur_control/build/lib/ur_control/examples
[0.464s] copying ur_control/examples/test_trajectory_interpolator.py -> /home/jackliu1017/ros2_ws/src/ur_control/build/ur_control/build/lib/ur_control/examples
[0.464s] copying ur_control/examples/analyze_trajectory.py -> /home/jackliu1017/ros2_ws/src/ur_control/build/ur_control/build/lib/ur_control/examples
[0.464s] copying ur_control/examples/run_waypoints.py -> /home/jackliu1017/ros2_ws/src/ur_control/build/ur_control/build/lib/ur_control/examples
[0.464s] copying ur_control/examples/gripper_demo.py -> /home/jackliu1017/ros2_ws/src/ur_control/build/ur_control/build/lib/ur_control/examples
[0.464s] copying ur_control/examples/fake_dp_model.py -> /home/jackliu1017/ros2_ws/src/ur_control/build/ur_control/build/lib/ur_control/examples
[0.464s] copying ur_control/examples/monitor_state.py -> /home/jackliu1017/ros2_ws/src/ur_control/build/ur_control/build/lib/ur_control/examples
[0.464s] copying ur_control/examples/dp_control_ros2.py -> /home/jackliu1017/ros2_ws/src/ur_control/build/ur_control/build/lib/ur_control/examples
[0.464s] copying ur_control/examples/test_analytic_ik.py -> /home/jackliu1017/ros2_ws/src/ur_control/build/ur_control/build/lib/ur_control/examples
[0.464s] running install
[0.465s] running install_lib
[0.465s] creating /home/jackliu1017/ros2_ws/src/ur_control/install/ur_control/lib/python3.10/site-packages/ur_control
[0.465s] copying /home/jackliu1017/ros2_ws/src/ur_control/build/ur_control/build/lib/ur_control/trajectory_logger.py -> /home/jackliu1017/ros2_ws/src/ur_control/install/ur_control/lib/python3.10/site-packages/ur_control
[0.465s] copying /home/jackliu1017/ros2_ws/src/ur_control/build/ur_control/build/lib/ur_control/__init__.py -> /home/jackliu1017/ros2_ws/src/ur_control/install/ur_control/lib/python3.10/site-packages/ur_control
[0.466s] copying /home/jackliu1017/ros2_ws/src/ur_control/build/ur_control/build/lib/ur_control/motion_timing.py -> /home/jackliu1017/ros2_ws/src/ur_control/install/ur_control/lib/python3.10/site-packages/ur_control
[0.466s] copying /home/jackliu1017/ros2_ws/src/ur_control/build/ur_control/build/lib/ur_control/state_monitor.py -> /home/jackliu1017/ros2_ws/src/ur_control/install/ur_control/lib/python3.10/site-packages/ur_control
[0.466s] copying /home/jackliu1017/ros2_ws/src/ur_control/build/ur_control/build/lib/ur_control/ur_arm_node.py -> /home/jackliu1017/ros2_ws/src/ur_control/install/ur_control/lib/python3.10/site-packages/ur_control
[0.466s] copying /home/jackliu1017/ros2_ws/src/ur_control/build/ur_control/build/lib/ur_control/dp_controller.py -> /home/jackliu1017/ros2_ws/src/ur_control/install/ur_control/lib/python3.10/site-packages/ur_control
[0.466s] copying /home/jackliu1017/ros2_ws/src/ur_control/build/ur_control/build/lib/ur_control/pose_utils.py -> /home/jackliu1017/ros2_ws/src/ur_control/install/ur_control/lib/python3.10/site-packages/ur_control
[0.466s] copying /home/jackliu1017/ros2_ws/src/ur_control/build/ur_control/build/lib/ur_control/trajectory_interpolator.py -> /home/jackliu1017/ros2_ws/src/ur_control/install/ur_control/lib/python3.10/site-packages/ur_control
[0.466s] copying /home/jackliu1017/ros2_ws/src/ur_control/build/ur_control/build/lib/ur_control/analytic_ik.py -> /home/jackliu1017/ros2_ws/src/ur_control/install/ur_control/lib/python3.10/site-packages/ur_control
[0.466s] creating /home/jackliu1017/ros2_ws/src/ur_control/install/ur_control/lib/python3.10/site-packages/ur_control/examples
[0.466s] copying /home/jackliu1017/ros2_ws/src/ur_control/build/ur_control/build/lib/ur_control/examples/__init__.py -> /home/jackliu1017/ros2_ws/src/ur_control/install/ur_control/lib/python3.10/site-packages/ur_control/examples
[0.466s] copying /home/jackliu1017/ros2_ws/src/ur_control/build/ur_control/build/lib/ur_control/examples/dp_control_rtde.py -> /home/jackliu1017/ros2_ws/src/ur_control/install/ur_control/lib/python3.10/site-packages/ur_control/examples
[0.466s] copying /home/jackliu1017/ros2_ws/src/ur_control/build/ur_control/build/lib/ur_control/examples/test_trajectory_interpolator.py -> /home/jackliu1017/ros2_ws/src/ur_control/install/ur_control/lib/python3.10/site-packages/ur_control/examples
[0.466s] copying /home/jackliu1017/ros2_ws/src/ur_control/build/ur_control/build/lib/ur_control/examples/analyze_trajectory.py -> /home/jackliu1017/ros2_ws/src/ur_control/install/ur_control/lib/python3.10/site-packages/ur_control/examples
[0.466s] copying /home/jackliu1017/ros2_ws/src/ur_control/build/ur_control/build/lib/ur_control/examples/run_waypoints.py -> /home/jackliu1017/ros2_ws/src/ur_control/install/ur_control/lib/python3.10/site-packages/ur_control/examples
[0.466s] copying /home/jackliu1017/ros2_ws/src/ur_control/build/ur_control/build/lib/ur_control/examples/gripper_demo.py -> /home/jackliu1017/ros2_ws/src/ur_control/install/ur_control/lib/python3.10/site-packages/ur_control/examples
[0.466s] copying /home/jackliu1017/ros2_ws/src/ur_control/build/ur_control/build/lib/ur_control/examples/fake_dp_model.py -> /home/jackliu1017/ros2_ws/src/ur_control/install/ur_control/lib/python3.10/site-packages/ur_control/examples
[0.466s] copying /home/jackliu1017/ros2_ws/src/ur_control/build/ur_control/build/lib/ur_control/examples/monitor_state.py -> /home/jackliu1017/ros2_ws/src/ur_control/install/ur_control/lib/python3.10/site-packages/ur_control/examples
[0.466s] copying /home/jackliu1017/ros2_ws/src/ur_control/build/ur_control/build/lib/ur_control/examples/dp_control_ros2.py -> /home/jackliu1017/ros2_ws/src/ur_control/install/ur_control/lib/python3.10/site-packages/ur_control/examples
[0.466s] copying /home/jackliu1017/ros2_ws/src/ur_control/build/ur_control/build/lib/ur_control/examples/test_analytic_ik.py -> /home/jackliu1017/ros2_ws/src/ur_control/install/ur_control/lib/python3.10/site-packages/ur_control/examples
[0.467s] byte-compiling /home/jackliu1017/ros2_ws/src/ur_control/install/ur_control/lib/python3.10/site-packages/ur_control/trajectory_logger.py to trajectory_logger.cpython-310.pyc
[0.468s] byte-compiling /home/jackliu1017/ros2_ws/src/ur_control/install/ur_control/lib/python3.10/site-packages/ur_control/__init__.py to __init__.cpython-310.pyc
[0.468s] byte-compiling /home/jackliu1017/ros2_ws/src/ur_control/install/ur_control/lib/python3.10/site-packages/ur_control/motion_timing.py to motion_timing.cpython-310.pyc
[0.468s] byte-compiling /home/jackliu1017/ros2_ws/src/ur_control/install/ur_control/lib/python3.10/site-packages/ur_control/state_monitor.py to state_monitor.cpython-310.pyc
[0.469s] byte-compiling /home/jackliu1017/ros2_ws/src/ur_control/install/ur_control/lib/python3.10/site-packages/ur_control/ur_arm_node.py to ur_arm_node.cpython-310.pyc
[0.473s] byte-compiling /home/jackliu1017/ros2_ws/src/ur_control/install/ur_control/lib/python3.10/site-packages/ur_control/dp_controller.py to dp_controller.cpython-310.pyc
[0.474s] byte-compiling /home/jackliu1017/ros2_ws/src/ur_control/install/ur_control/lib/python3.10/site-packages/ur_control/pose_utils.py to pose_utils.cpython-310.pyc
[0.475s] byte-compiling /home/jackliu1017/ros2_ws/src/ur_control/install/ur_control/lib/python3.10/site-packages/ur_control/trajectory_interpolator.py to trajectory_interpolator.cpython-310.pyc
[0.476s] byte-compiling /home/jackliu1017/ros2_ws/src/ur_control/install/ur_control/lib/python3.10/site-packages/ur_control/analytic_ik.py to analytic_ik.cpython-310.pyc
[0.476s] byte-compiling /home/jackliu1017/ros2_ws/src/ur_control/install/ur_control/lib/python3.10/site-packages/ur_control/examples/__init__.py to __init__.cpython-310.pyc
[0.476s] byte-compiling /home/jackliu1017/ros2_ws/src/ur_control/install/ur_control/lib/python3.10/site-packages/ur_control/examples/dp_control_rtde.py to dp_control_rtde.cpython-310.pyc
[0.477s] byte-compiling /home/jackliu1017/ros2_ws/src/ur_control/install/ur_control/lib/python3.10/site-packages/ur_control/examples/test_trajectory_interpolator.py to test_trajectory_interpolator.cpython-310.pyc
[0.477s] byte-compiling /home/jackliu1017/ros2_ws/src/ur_control/install/ur_control/lib/python3.10/site-packages/ur_control/examples/analyze_trajectory.py to analyze_trajectory.cpython-310.pyc
[0.479s] byte-compiling /home/jackliu1017/ros2_ws/src/ur_control/install/ur_control/lib/python3.10/site-packages/ur_control/examples/run_waypoints.py to run_waypoints.cpython-310.pyc
[0.479s] byte-compiling /home/jackliu1017/ros2_ws/src/ur_control/install/ur_control/lib/python3.10/site-packages/ur_control/examples/gripper_demo.py to gripper_demo.cpython-310.pyc
[0.480s] byte-compiling /home/jackliu1017/ros2_ws/src/ur_control/install/ur_control/lib/python3.10/site-packages/ur_control/examples/fake_dp_model.py to fake_dp_model.cpython-310.pyc
[0.480s] byte-compiling /home/jackliu1017/ros2_ws/src/ur_control/install/ur_control/lib/python3.10/site-packages/ur_control/examples/monitor_state.py to monitor_state.cpython-310.pyc
[0.480s] byte-compiling /home/jackliu1017/ros2_ws/src/ur_control/install/ur_control/lib/python3.10/site-packages/ur_control/examples/dp_control_ros2.py to dp_control_ros2.cpython-310.pyc
[0.481s] byte-compiling /home/jackliu1017/ros2_ws/src/ur_control/install/ur_control/lib/python3.10/site-packages/ur_control/examples/test_analytic_ik.py to test_analytic_ik.cpython-310.pyc
[0.482s] running install_data
[0.482s] creating /home/jackliu1017/ros2_ws/src/ur_control/install/ur_control/share/ament_index
[0.482s] creating /home/jackliu1017/ros2_ws/src/ur_control/install/ur_control/share/ament_index/resource_index
[0.482s] creating /home/jackliu1017/ros2_ws/src/ur_control/install/ur_control/share/ament_index/resource_index/packages
[0.482s] copying resource/ur_control -> /home/jackliu1017/ros2_ws/src/ur_control/install/ur_control/share/ament_index/resource_index/packages
[0.482s] copying package.xml -> /home/jackliu1017/ros2_ws/src/ur_control/install/ur_control/share/ur_control
[0.482s] running install_egg_info
[0.483s] Copying build/ur_control/ur_control.egg-info to /home/jackliu1017/ros2_ws/src/ur_control/install/ur_control/lib/python3.10/site-packages/ur_control-0.1.0-py3.10.egg-info
[0.483s] running install_scripts
[0.495s] Installing analyze_trajectory script to /home/jackliu1017/ros2_ws/src/ur_control/install/ur_control/lib/ur_control
[0.495s] Installing dp_control_ros2 script to /home/jackliu1017/ros2_ws/src/ur_control/install/ur_control/lib/ur_control
[0.495s] Installing dp_control_rtde script to /home/jackliu1017/ros2_ws/src/ur_control/install/ur_control/lib/ur_control
[0.495s] Installing gripper_demo script to /home/jackliu1017/ros2_ws/src/ur_control/install/ur_control/lib/ur_control
[0.495s] Installing monitor_state script to /home/jackliu1017/ros2_ws/src/ur_control/install/ur_control/lib/ur_control
[0.495s] Installing run_waypoints script to /home/jackliu1017/ros2_ws/src/ur_control/install/ur_control/lib/ur_control
[0.495s] Installing test_analytic_ik script to /home/jackliu1017/ros2_ws/src/ur_control/install/ur_control/lib/ur_control
[0.495s] Installing test_trajectory_interpolator script to /home/jackliu1017/ros2_ws/src/ur_control/install/ur_control/lib/ur_control
[0.495s] writing list of installed files to '/home/jackliu1017/ros2_ws/src/ur_control/build/ur_control/install.log'
[0.508s] Invoked command in '/home/jackliu1017/ros2_ws/src/ur_control' returned '0': PYTHONPATH=/home/jackliu1017/ros2_ws/src/ur_control/build/ur_control/prefix_override:/usr/lib/python3/dist-packages/colcon_core/task/python/colcon_distutils_commands:/home/jackliu1017/ros2_ws/src/ur_control/install/ur_control/lib/python3.10/site-packages:${PYTHONPATH} /usr/bin/python3 -W ignore:setup.py install is deprecated -W ignore:easy_install command is deprecated setup.py egg_info --egg-base build/ur_control build --build-base /home/jackliu1017/ros2_ws/src/ur_control/build/ur_control/build install --record /home/jackliu1017/ros2_ws/src/ur_control/build/ur_control/install.log --single-version-externally-managed install_data
